// Jest Snapshot v1, https://goo.gl/fbAQLP

exports[`renders modal 1`] = `null`;
